Microchip MPLAB XC8 Compiler V2.32

Linker command line:

-W-3 --edf=C:\Program Files\Microchip\xc8\v2.32\pic\dat\en_msgs.txt \
  -pivt0x8=08h -cn -h+dist/default/production\gpsBoard.X.production.sym \
  --cmf=dist/default/production\gpsBoard.X.production.cmf -z -Q18F26Q84 \
  -oC:\Users\DEVELO~1\AppData\Local\Temp\xcAsksk.4 --defsym=__MPLAB_BUILD=1 \
  -Mdist/default/production/gpsBoard.X.production.map -E1 -ver=XC8 Compiler \
  --acfsm=1493 -ASTACK=0560h-025FFh -pstack=STACK -ACODE=00h-0FFFFh \
  -ACONST=00h-0FFFFh -ASMALLCONST=02600h-026FFhx218 \
  -AMEDIUMCONST=02600h-0FFFFh -ACOMRAM=0501h-055Fh -AABS1=0500h-025FFh \
  -ABIGRAM=0501h-025FFh -ARAM=0560h-05FFh,0600h-06FFhx32 \
  -ABANK5=0560h-05FFh -ABANK6=0600h-06FFh -ABANK7=0700h-07FFh \
  -ABANK8=0800h-08FFh -ABANK9=0900h-09FFh -ABANK10=0A00h-0AFFh \
  -ABANK11=0B00h-0BFFh -ABANK12=0C00h-0CFFh -ABANK13=0D00h-0DFFh \
  -ABANK14=0E00h-0EFFh -ABANK15=0F00h-0FFFh -ABANK16=01000h-010FFh \
  -ABANK17=01100h-011FFh -ABANK18=01200h-012FFh -ABANK19=01300h-013FFh \
  -ABANK20=01400h-014FFh -ABANK21=01500h-015FFh -ABANK22=01600h-016FFh \
  -ABANK23=01700h-017FFh -ABANK24=01800h-018FFh -ABANK25=01900h-019FFh \
  -ABANK26=01A00h-01AFFh -ABANK27=01B00h-01BFFh -ABANK28=01C00h-01CFFh \
  -ABANK29=01D00h-01DFFh -ABANK30=01E00h-01EFFh -ABANK31=01F00h-01FFFh \
  -ABANK32=02000h-020FFh -ABANK33=02100h-021FFh -ABANK34=02200h-022FFh \
  -ABANK35=02300h-023FFh -ABANK36=02400h-024FFh -ABANK37=02500h-025FFh \
  -ASFR=00h-0FFhx4,0400h-045Fh,0460h-04FFh -ACONFIG=0300000h-0300023h \
  -AIDLOC=0200000h-020001Fh -AEEDATA=0380000h-03803FFh -peeprom_data=EEDATA \
  -preset_vec=00h -ppowerup=CODE,init -pramtop=02600h \
  -psmallconst=SMALLCONST -pmediumconst=MEDIUMCONST -pconst=CONST \
  -AFARRAM=00h-00h \
  -prdata=COMRAM,nvrram=COMRAM,nvbit=COMRAM,rbss=COMRAM,rbit=COMRAM \
  -pfarbss=FARRAM,fardata=FARRAM,nvFARRAM=FARRAM \
  -pintsave_regs=BIGRAM,bigbss=BIGRAM,bigdata=BIGRAM -pbss=RAM \
  -pidata=CODE,irdata=CODE,ibigdata=CODE,ifardata=CODE -prparam=COMRAM \
  C:\Users\DEVELO~1\AppData\Local\Temp\xcAsksk.o \
  dist/default/production\gpsBoard.X.production.o 

Object code version is 3.11

Machine type is 18F26Q84



                Name                               Link     Load   Length Selector   Space Scale
C:\Users\DEVELO~1\AppData\Local\Temp\xcAsksk.o
                idloc                            200000   200000       20        0       5
                config                           300000   300000       24        0       4
                init                                 1A       1A        4        4       0
                reset_vec                             0        0        4        0       0
dist/default/production\gpsBoard.X.production.o
                idloc                            200000   200000       20        0       5
                config                           300000   300000       24        0       4
                ivt0x8                                8        8       12        4       0
                text13                              31C      31C        8        4       0
                text12                              314      314        8        4       0
                text11                              1BA      1BA       4A        4       0
                text10                               86       86       68        4       0
                text9                                1E       1E       68        4       0
                text8                               308      308        C        4       0
                text7                               2E0      2E0       18        4       0
                text6                               27A      27A       24        4       0
                text5                               154      154       66        4       0
                text4                               2F8      2F8       10        4       0
                text3                               204      204       40        4       0
                text2                               29E      29E       22        4       0
                text1                                EE       EE       66        4       0
                text0                               244      244       36        4       0
                cstackCOMRAM                        517      517        9      501       1
                bssCOMRAM                           501      501       16      501       1
                cinit                               2C0      2C0       20        4       0

TOTAL           Name                               Link     Load   Length     Space
        CLASS   STACK          

        CLASS   CODE           
                init                                 1A       1A        4         0
                reset_vec                             0        0        4         0
                ivt0x8                                8        8       12         0
                text13                              31C      31C        8         0
                text12                              314      314        8         0
                text11                              1BA      1BA       4A         0
                text10                               86       86       68         0
                text9                                1E       1E       68         0
                text8                               308      308        C         0
                text7                               2E0      2E0       18         0
                text6                               27A      27A       24         0
                text5                               154      154       66         0
                text4                               2F8      2F8       10         0
                text3                               204      204       40         0
                text2                               29E      29E       22         0
                text1                                EE       EE       66         0
                text0                               244      244       36         0
                cinit                               2C0      2C0       20         0

        CLASS   CONST          

        CLASS   SMALLCONST     

        CLASS   MEDIUMCONST    

        CLASS   COMRAM         
                cstackCOMRAM                        517      517        9         1
                bssCOMRAM                           501      501       16         1

        CLASS   ABS1           

        CLASS   BIGRAM         

        CLASS   RAM            

        CLASS   BANK5          

        CLASS   BANK6          

        CLASS   BANK7          

        CLASS   BANK8          

        CLASS   BANK9          

        CLASS   BANK10         

        CLASS   BANK11         

        CLASS   BANK12         

        CLASS   BANK13         

        CLASS   BANK14         

        CLASS   BANK15         

        CLASS   BANK16         

        CLASS   BANK17         

        CLASS   BANK18         

        CLASS   BANK19         

        CLASS   BANK20         

        CLASS   BANK21         

        CLASS   BANK22         

        CLASS   BANK23         

        CLASS   BANK24         

        CLASS   BANK25         

        CLASS   BANK26         

        CLASS   BANK27         

        CLASS   BANK28         

        CLASS   BANK29         

        CLASS   BANK30         

        CLASS   BANK31         

        CLASS   BANK32         

        CLASS   BANK33         

        CLASS   BANK34         

        CLASS   BANK35         

        CLASS   BANK36         

        CLASS   BANK37         

        CLASS   SFR            

        CLASS   CONFIG         
                config                           300000   300000       24         4

        CLASS   IDLOC          
                idloc                            200000   200000       20         5

        CLASS   EEDATA         

        CLASS   FARRAM         



SEGMENTS        Name                           Load    Length   Top    Selector   Space  Class

                reset_vec                      000000  000004  000004         0       0  CODE    
                ivt0x8                         000008  00031C  000324         4       0  CODE    
                bssCOMRAM                      000501  00001F  000520       501       1  COMRAM  


UNUSED ADDRESS RANGES

        Name                Unused          Largest block    Delta
        BANK10           000A00-000AFF              100
        BANK11           000B00-000BFF              100
        BANK12           000C00-000CFF              100
        BANK13           000D00-000DFF              100
        BANK14           000E00-000EFF              100
        BANK15           000F00-000FFF              100
        BANK16           001000-0010FF              100
        BANK17           001100-0011FF              100
        BANK18           001200-0012FF              100
        BANK19           001300-0013FF              100
        BANK20           001400-0014FF              100
        BANK21           001500-0015FF              100
        BANK22           001600-0016FF              100
        BANK23           001700-0017FF              100
        BANK24           001800-0018FF              100
        BANK25           001900-0019FF              100
        BANK26           001A00-001AFF              100
        BANK27           001B00-001BFF              100
        BANK28           001C00-001CFF              100
        BANK29           001D00-001DFF              100
        BANK30           001E00-001EFF              100
        BANK31           001F00-001FFF              100
        BANK32           002000-0020FF              100
        BANK33           002100-0021FF              100
        BANK34           002200-0022FF              100
        BANK35           002300-0023FF              100
        BANK36           002400-0024FF              100
        BANK37           002500-0025FF              100
        BANK5            000560-0005FF               A0
        BANK6            000600-0006FF              100
        BANK7            000700-0007FF              100
        BANK8            000800-0008FF              100
        BANK9            000900-0009FF              100
        BIGRAM           000520-0025FF             20E0
        CODE             000004-000007                4
                         000324-00FFFF             FCDC
        COMRAM           000520-00055F               40
        CONST            000004-000007                4
                         000324-00FFFF             FCDC
        EEDATA           380000-3803FF              400
        MEDIUMCONST      002600-00FFFF             DA00
        RAM              000560-0025FF              100
        SFR              000000-0004FF              100
        SMALLCONST       002600-00FFFF              100
        STACK            000560-0025FF             20A0

                                  Symbol Table

IVTBASEH                             (abs)        00045E
IVTBASEL                             (abs)        00045D
IVTBASEU                             (abs)        00045F
_ANSELA                              (abs)        000400
_ANSELB                              (abs)        000408
_ANSELC                              (abs)        000410
_C1CONH                              (abs)        000101
_C1CONHbits                          (abs)        000101
_C1CONL                              (abs)        000100
_C1CONTbits                          (abs)        000103
_C1CONU                              (abs)        000102
_C1CONUbits                          (abs)        000102
_C1FIFOBA                            (abs)        00014C
_C1FIFOCON1H                         (abs)        00015D
_C1FIFOCON1L                         (abs)        00015C
_C1FIFOCON1T                         (abs)        00015F
_C1FIFOCON1U                         (abs)        00015E
_C1INTHbits                          (abs)        00011D
_C1NBTCFGH                           (abs)        000105
_C1NBTCFGL                           (abs)        000104
_C1NBTCFGT                           (abs)        000107
_C1NBTCFGU                           (abs)        000106
_CAN1_RXI_ISR                        text13       00031C
_CANRXPPS                            (abs)        00023D
_INLVLA                              (abs)        000404
_INLVLB                              (abs)        00040C
_INLVLC                              (abs)        000414
_INLVLE                              (abs)        000424
_INTCON0bits                         (abs)        0004D6
_INTERRUPT_InterruptManager          text11       0001BA
_LATA                                (abs)        0004BE
_LATB                                (abs)        0004BF
_LATC                                (abs)        0004C0
_ODCONA                              (abs)        000402
_ODCONB                              (abs)        00040A
_ODCONC                              (abs)        000412
_OSCCON1                             (abs)        0000AD
_OSCCON3                             (abs)        0000AF
_OSCEN                               (abs)        0000B3
_OSCFRQ                              (abs)        0000B1
_OSCTUNE                             (abs)        0000B0
_PIE3bits                            (abs)        0004A1
_PIE4bits                            (abs)        0004A2
_PIR3bits                            (abs)        0004B1
_PIR4bits                            (abs)        0004B2
_PMD0                                (abs)        000060
_PMD1                                (abs)        000061
_PMD2                                (abs)        000062
_PMD3                                (abs)        000063
_PMD4                                (abs)        000064
_PMD5                                (abs)        000065
_PMD6                                (abs)        000066
_PMD7                                (abs)        000067
_PMD8                                (abs)        000068
_RB4PPS                              (abs)        00020D
_RC7PPS                              (abs)        000218
_SLRCONA                             (abs)        000403
_SLRCONB                             (abs)        00040B
_SLRCONC                             (abs)        000413
_T0CON0                              (abs)        00031A
_T0CON1                              (abs)        00031B
_TMR0H                               (abs)        000319
_TMR0L                               (abs)        000318
_TMR0_ISR                            text12       000314
_TRISA                               (abs)        0004C6
_TRISB                               (abs)        0004C7
_TRISC                               (abs)        0004C8
_TRISE                               (abs)        0004CA
_U1BRGH                              (abs)        0002AF
_U1BRGL                              (abs)        0002AE
_U1CON0                              (abs)        0002AB
_U1CON1                              (abs)        0002AC
_U1CON2                              (abs)        0002AD
_U1ERRIE                             (abs)        0002B3
_U1ERRIR                             (abs)        0002B2
_U1FIFO                              (abs)        0002B0
_U1P1H                               (abs)        0002A6
_U1P1L                               (abs)        0002A5
_U1P2H                               (abs)        0002A8
_U1P2L                               (abs)        0002A7
_U1P3H                               (abs)        0002AA
_U1P3L                               (abs)        0002A9
_U1RXPPS                             (abs)        000272
_U1UIR                               (abs)        0002B1
_WPUA                                (abs)        000401
_WPUB                                (abs)        000409
_WPUC                                (abs)        000411
_WPUE                                (abs)        000421
__HRAM                               (abs)        000000
__Habs1                              abs1         000000
__Hbank10                            bank10       000000
__Hbank11                            bank11       000000
__Hbank12                            bank12       000000
__Hbank13                            bank13       000000
__Hbank14                            bank14       000000
__Hbank15                            bank15       000000
__Hbank16                            bank16       000000
__Hbank17                            bank17       000000
__Hbank18                            bank18       000000
__Hbank19                            bank19       000000
__Hbank20                            bank20       000000
__Hbank21                            bank21       000000
__Hbank22                            bank22       000000
__Hbank23                            bank23       000000
__Hbank24                            bank24       000000
__Hbank25                            bank25       000000
__Hbank26                            bank26       000000
__Hbank27                            bank27       000000
__Hbank28                            bank28       000000
__Hbank29                            bank29       000000
__Hbank30                            bank30       000000
__Hbank31                            bank31       000000
__Hbank32                            bank32       000000
__Hbank33                            bank33       000000
__Hbank34                            bank34       000000
__Hbank35                            bank35       000000
__Hbank36                            bank36       000000
__Hbank37                            bank37       000000
__Hbank5                             bank5        000000
__Hbank6                             bank6        000000
__Hbank7                             bank7        000000
__Hbank8                             bank8        000000
__Hbank9                             bank9        000000
__Hbigbss                            bigbss       000000
__Hbigdata                           bigdata      000000
__Hbigram                            bigram       000000
__Hbss                               bss          000000
__HbssCOMRAM                         bssCOMRAM    000000
__Hcinit                             cinit        000000
__Hclrtext                           clrtext      000000
__Hcomram                            comram       000000
__Hconfig                            config       300024
__Hconst                             const        000000
__HcstackCOMRAM                      cstackCOMRAM 000000
__Hdata                              data         000000
__Heeprom_data                       eeprom_data  000000
__Hfarbss                            farbss       000000
__Hfardata                           fardata      000000
__Hibigdata                          ibigdata     000000
__Hidata                             idata        000000
__Hidloc                             idloc        200020
__Hifardata                          ifardata     000000
__Hinit                              init         00001E
__Hintsave_regs                      intsave_regs 000000
__Hirdata                            irdata       000000
__Hivt0x8                            ivt0x8       00001A
__Hmediumconst                       mediumconst  000000
__HnvFARRAM                          nvFARRAM     000000
__Hnvbit                             nvbit        000000
__Hnvrram                            nvrram       000000
__Hparam                             rparam       000000
__Hpowerup                           powerup      000000
__Hram                               ram          000000
__Hramtop                            ramtop       002600
__Hrbit                              rbit         000000
__Hrbss                              rbss         000000
__Hrdata                             rdata        000000
__Hreset_vec                         reset_vec    000004
__Hrparam                            rparam       000000
__Hsfr                               sfr          000000
__Hsmallconst                        smallconst   000000
__Hspace_0                           (abs)        002600
__Hspace_1                           (abs)        000520
__Hspace_2                           (abs)        000000
__Hspace_4                           (abs)        600024
__Hstack                             stack        000000
__Hstruct                            struct       000000
__Htemp                              temp         000000
__Htext                              text         000000
__Htext0                             text0        000000
__Htext1                             text1        000000
__Htext10                            text10       000000
__Htext11                            text11       000000
__Htext12                            text12       000000
__Htext13                            text13       000000
__Htext2                             text2        000000
__Htext3                             text3        000000
__Htext4                             text4        000000
__Htext5                             text5        000000
__Htext6                             text6        000000
__Htext7                             text7        000000
__Htext8                             text8        000000
__Htext9                             text9        000000
__LRAM                               (abs)        000001
__Labs1                              abs1         000000
__Lbank10                            bank10       000000
__Lbank11                            bank11       000000
__Lbank12                            bank12       000000
__Lbank13                            bank13       000000
__Lbank14                            bank14       000000
__Lbank15                            bank15       000000
__Lbank16                            bank16       000000
__Lbank17                            bank17       000000
__Lbank18                            bank18       000000
__Lbank19                            bank19       000000
__Lbank20                            bank20       000000
__Lbank21                            bank21       000000
__Lbank22                            bank22       000000
__Lbank23                            bank23       000000
__Lbank24                            bank24       000000
__Lbank25                            bank25       000000
__Lbank26                            bank26       000000
__Lbank27                            bank27       000000
__Lbank28                            bank28       000000
__Lbank29                            bank29       000000
__Lbank30                            bank30       000000
__Lbank31                            bank31       000000
__Lbank32                            bank32       000000
__Lbank33                            bank33       000000
__Lbank34                            bank34       000000
__Lbank35                            bank35       000000
__Lbank36                            bank36       000000
__Lbank37                            bank37       000000
__Lbank5                             bank5        000000
__Lbank6                             bank6        000000
__Lbank7                             bank7        000000
__Lbank8                             bank8        000000
__Lbank9                             bank9        000000
__Lbigbss                            bigbss       000000
__Lbigdata                           bigdata      000000
__Lbigram                            bigram       000000
__Lbss                               bss          000000
__LbssCOMRAM                         bssCOMRAM    000000
__Lcinit                             cinit        000000
__Lclrtext                           clrtext      000000
__Lcomram                            comram       000000
__Lconfig                            config       000000
__Lconst                             const        000000
__LcstackCOMRAM                      cstackCOMRAM 000000
__Ldata                              data         000000
__Leeprom_data                       eeprom_data  000000
__Lfarbss                            farbss       000000
__Lfardata                           fardata      000000
__Libigdata                          ibigdata     000000
__Lidata                             idata        000000
__Lidloc                             idloc        000000
__Lifardata                          ifardata     000000
__Linit                              init         00001A
__Lintsave_regs                      intsave_regs 000000
__Lirdata                            irdata       000000
__Livt0x8                            ivt0x8       000008
__Lmediumconst                       mediumconst  000000
__LnvFARRAM                          nvFARRAM     000000
__Lnvbit                             nvbit        000000
__Lnvrram                            nvrram       000000
__Lparam                             rparam       000000
__Lpowerup                           powerup      000000
__Lram                               ram          000000
__Lramtop                            ramtop       002600
__Lrbit                              rbit         000000
__Lrbss                              rbss         000000
__Lrdata                             rdata        000000
__Lreset_vec                         reset_vec    000000
__Lrparam                            rparam       000000
__Lsfr                               sfr          000000
__Lsmallconst                        smallconst   000000
__Lspace_0                           (abs)        000000
__Lspace_1                           (abs)        000000
__Lspace_2                           (abs)        000000
__Lspace_4                           (abs)        000000
__Lstack                             stack        000000
__Lstruct                            struct       000000
__Ltemp                              temp         000000
__Ltext                              text         000000
__Ltext0                             text0        000000
__Ltext1                             text1        000000
__Ltext10                            text10       000000
__Ltext11                            text11       000000
__Ltext12                            text12       000000
__Ltext13                            text13       000000
__Ltext2                             text2        000000
__Ltext3                             text3        000000
__Ltext4                             text4        000000
__Ltext5                             text5        000000
__Ltext6                             text6        000000
__Ltext7                             text7        000000
__Ltext8                             text8        000000
__Ltext9                             text9        000000
__S0                                 (abs)        000324
__S1                                 (abs)        000520
__S2                                 (abs)        000000
__S4                                 (abs)        000000
__S5                                 (abs)        000000
___inthi_sp                          stack        000000
___intlo_sp                          stack        000000
___param_bank                        (abs)        000000
___rparam_used                       (abs)        000001
___sp                                stack        000000
__accesstop                          (abs)        000560
__activetblptr                       (abs)        000000
__end_of_CAN1_RXI_ISR                text13       000324
__end_of_INTERRUPT_InterruptManager  text11       000204
__end_of_TMR0_ISR                    text12       00031C
__end_of__initialization             cinit        0002DA
__end_of_boardInit                   text2        0002C0
__end_of_canInit                     text9        000086
__end_of_canReceive                  text1        000154
__end_of_canSetOP                    text10       0000EE
__end_of_interruptInit               text8        000314
__end_of_main                        text0        00027A
__end_of_oscInit                     text7        0002F8
__end_of_pmdInit                     text6        00029E
__end_of_portInit                    text5        0001BA
__end_of_timerInit                   text4        000308
__end_of_uartInit                    text3        000244
__initialization                     cinit        0002C0
__mediumconst                        mediumconst  000000
__pbssCOMRAM                         bssCOMRAM    000501
__pcinit                             cinit        0002C0
__pcstackCOMRAM                      cstackCOMRAM 000517
__pivt0x8                            ivt0x8       000008
__ptext0                             text0        000244
__ptext1                             text1        0000EE
__ptext10                            text10       000086
__ptext11                            text11       0001BA
__ptext12                            text12       000314
__ptext13                            text13       00031C
__ptext2                             text2        00029E
__ptext3                             text3        000204
__ptext4                             text4        0002F8
__ptext5                             text5        000154
__ptext6                             text6        00027A
__ptext7                             text7        0002E0
__ptext8                             text8        000308
__ptext9                             text9        00001E
__ramtop                             ramtop       002600
__size_of_CAN1_RXI_ISR               (abs)        000000
__size_of_INTERRUPT_InterruptManager (abs)        000000
__size_of_TMR0_ISR                   (abs)        000000
__size_of_boardInit                  (abs)        000000
__size_of_canInit                    (abs)        000000
__size_of_canReceive                 (abs)        000000
__size_of_canSetOP                   (abs)        000000
__size_of_interruptInit              (abs)        000000
__size_of_main                       (abs)        000000
__size_of_oscInit                    (abs)        000000
__size_of_pmdInit                    (abs)        000000
__size_of_portInit                   (abs)        000000
__size_of_timerInit                  (abs)        000000
__size_of_uartInit                   (abs)        000000
__smallconst                         smallconst   000000
_boardInit                           text2        00029E
_canInit                             text9        00001E
_canMsg                              bssCOMRAM    000501
_canReceive                          text1        0000EE
_canSetOP                            text10       000086
_fifoAddr                            bssCOMRAM    000511
_interruptInit                       text8        000308
_main                                text0        000244
_measure_flag                        bssCOMRAM    000515
_oscInit                             text7        0002E0
_pmdInit                             text6        00027A
_portInit                            text5        000154
_received_flag                       bssCOMRAM    000516
_timerInit                           text4        0002F8
_uartInit                            text3        000204
boardInit@success                    cstackCOMRAM 00051C
canInit@complete                     cstackCOMRAM 00051B
canReceive@FIFO                      cstackCOMRAM 00051B
canReceive@fifoAddr                  cstackCOMRAM 000517
canReceive@i                         cstackCOMRAM 00051D
canSetOP@code                        cstackCOMRAM 00051A
canSetOP@i                           cstackCOMRAM 000517
canSetOP@success                     cstackCOMRAM 000519
end_of_initialization                cinit        0002DA
intlevel0                            text         000000
intlevel1                            text         000000
intlevel2                            text         000000
intlevel3                            text         000000
isa$std                              (abs)        000001
isa$xinst                            (abs)        000000
ivt0x8_base                          ivt0x8       000008
main@setup                           cstackCOMRAM 00051F
stackhi                              (abs)        0025FF
stacklo                              (abs)        000560
start                                init         00001A
start_initialization                 cinit        0002C0


MODULE INFORMATION

Module		Function		Class		Link	Load	Size
C:/Users/developer/Documents/MBoeding/PIC18/PIC18_GPSboard/gpsBoard.X/libs/boardInit.c
		_pmdInit       		CODE           	027A	0000	36
		_canInit       		CODE           	001E	0000	104
		_oscInit       		CODE           	02E0	0000	24
		_portInit      		CODE           	0154	0000	102
		_timerInit     		CODE           	02F8	0000	16
		_boardInit     		CODE           	029E	0000	34
		_interruptInit 		CODE           	0308	0000	12
		_canSetOP      		CODE           	0086	0000	104
		_uartInit      		CODE           	0204	0000	64

C:/Users/developer/Documents/MBoeding/PIC18/PIC18_GPSboard/gpsBoard.X/libs/boardInit.c estimated size: 496

C:/Users/developer/Documents/MBoeding/PIC18/PIC18_GPSboard/gpsBoard.X/libs/can.c
		_canReceive    		CODE           	00EE	0000	102

C:/Users/developer/Documents/MBoeding/PIC18/PIC18_GPSboard/gpsBoard.X/libs/can.c estimated size: 102

shared
		__initialization		CODE           	02C0	0000	26

shared estimated size: 26

main.c
		_main          		CODE           	0244	0000	54
		_INTERRUPT_InterruptManager		CODE           	01BA	0000	74
		_TMR0_ISR      		CODE           	0314	0000	8
		_CAN1_RXI_ISR  		CODE           	031C	0000	8

main.c estimated size: 144

